// Jest Snapshot v1, https://goo.gl/fbAQLP

exports[`DetailsPage should render 1`] = `
<DetailsPage
  match={
    Object {
      "params": Object {
        "id": 99,
      },
    }
  }
>
  <Consumer>
    <styled.div>
      <StyledComponent
        forwardedComponent={
          Object {
            "$$typeof": Symbol(react.forward_ref),
            "attrs": Array [],
            "componentStyle": ComponentStyle {
              "componentId": "sc-bdVaJa",
              "isStatic": true,
              "lastClassName": "bDyzBP",
              "rules": Array [
                "
  width: 100%;
  background: ",
                "#eee",
                ";
  padding-bottom: 40px;
",
              ],
            },
            "displayName": "styled.div",
            "foldedComponentIds": Array [],
            "render": [Function],
            "styledComponentId": "sc-bdVaJa",
            "target": "div",
            "toString": [Function],
            "warnTooManyClasses": [Function],
            "withComponent": [Function],
          }
        }
        forwardedRef={null}
      >
        <div
          className="sc-bdVaJa bDyzBP"
        >
          <styled.div>
            <StyledComponent
              forwardedComponent={
                Object {
                  "$$typeof": Symbol(react.forward_ref),
                  "attrs": Array [],
                  "componentStyle": ComponentStyle {
                    "componentId": "sc-bwzfXH",
                    "isStatic": true,
                    "lastClassName": "gguNSM",
                    "rules": Array [
                      "
  width: 100%;
  max-width: 1200px;
  background: ",
                      "#eee",
                      ";
  margin: auto;
",
                    ],
                  },
                  "displayName": "styled.div",
                  "foldedComponentIds": Array [],
                  "render": [Function],
                  "styledComponentId": "sc-bwzfXH",
                  "target": "div",
                  "toString": [Function],
                  "warnTooManyClasses": [Function],
                  "withComponent": [Function],
                }
              }
              forwardedRef={null}
            >
              <div
                className="sc-bwzfXH gguNSM"
              >
                <div
                  categories={Array []}
                />
                <div
                  product={Object {}}
                />
              </div>
            </StyledComponent>
          </styled.div>
        </div>
      </StyledComponent>
    </styled.div>
  </Consumer>
</DetailsPage>
`;
